// Jest Snapshot v1, https://goo.gl/fbAQLP

exports[`asset-size-reporter compare reporter reports results as text by default 1`] = `
"dist/deleted-file-inside-dist.js: [4.24 kB / gzip 42 B] (deleted file)
dist/file-inside-dist.js: 1.27 kB -> 1.85 kB / gzip 144 B -> 377 B (+580 B / gzip +233 B)
dist/foo/nested-file-inside-dist.js: 32.1 kB -> 3.08 kB / gzip 7.64 kB -> 636 B (-29 kB / gzip -7 kB)
dist/text-file-in-dist.txt: 3.94 kB / gzip 636 B (new file)"
`;

exports[`asset-size-reporter compare reporter supports \`gzip: false\` 1`] = `
"dist/file-inside-dist.js: 1.27 kB -> 1.85 kB (+580 B)
dist/foo/nested-file-inside-dist.js: 32.1 kB -> 3.08 kB (-29 kB)"
`;
